// Jest Snapshot v1, https://goo.gl/fbAQLP

exports[`<Threshold /> should match snapshot 1`] = `
<div
  className="threshold-container"
>
  <h2>
    Threshold Controls
  </h2>
  <form
    id="threshold-form"
    onSubmit={[Function]}
  >
    <input
      id="threshold-input"
      onBlur={[Function]}
      onChange={[Function]}
      placeholder="Set Alert Threshold"
      type="number"
      value=""
    />
    <button
      id="threshold-submit"
      onClick={[Function]}
      type="submit"
    >
      Set
    </button>
  </form>
  <div
    className="threshold-reporter"
  >
    <p>
      Current Alert Threshold: 
      15
    </p>
  </div>
</div>
`;
