// Jest Snapshot v1, https://goo.gl/fbAQLP

exports[`<App /> should match snapshot 1`] = `
<div
  className="container"
>
  <div
    className="recharts-wrapper"
    onMouseEnter={[Function]}
    onMouseLeave={[Function]}
    onMouseMove={[Function]}
    onTouchEnd={[Function]}
    onTouchMove={[Function]}
    onTouchStart={[Function]}
    style={
      Object {
        "cursor": "default",
        "height": 800,
        "position": "relative",
        "width": 1080,
      }
    }
  >
    <svg
      className="recharts-surface"
      height={800}
      version="1.1"
      viewBox="0 0 1080 800"
      width={1080}
    >
      <defs>
        <clipPath
          id="recharts5-clip"
        >
          <rect
            height={730}
            width={980}
            x={80}
            y={20}
          />
        </clipPath>
      </defs>
      <g
        className="recharts-cartesian-grid"
      >
        <g
          className="recharts-cartesian-grid-horizontal"
        >
          <line
            fill="none"
            height={730}
            stroke="#ccc"
            width={980}
            x={80}
            x1={80}
            x2={1060}
            y={20}
            y1={20}
            y2={20}
          />
          <line
            fill="none"
            height={730}
            stroke="#ccc"
            width={980}
            x={80}
            x1={80}
            x2={1060}
            y={20}
            y1={750}
            y2={750}
          />
        </g>
        <g
          className="recharts-cartesian-grid-vertical"
        >
          <line
            fill="none"
            height={730}
            stroke="#ccc"
            width={980}
            x={80}
            x1={80}
            x2={80}
            y={20}
            y1={20}
            y2={750}
          />
          <line
            fill="none"
            height={730}
            stroke="#ccc"
            width={980}
            x={80}
            x1={1060}
            x2={1060}
            y={20}
            y1={20}
            y2={750}
          />
        </g>
      </g>
      <g
        className="recharts-layer recharts-cartesian-axis recharts-yAxis yAxis"
      >
        <line
          className="recharts-cartesian-axis-line"
          fill="none"
          height={730}
          stroke="#666"
          width={60}
          x={20}
          x1={80}
          x2={80}
          y={20}
          y1={20}
          y2={750}
        />
        <g
          className="recharts-cartesian-axis-ticks"
        />
      </g>
    </svg>
    <div
      className="recharts-legend-wrapper"
      style={
        Object {
          "bottom": 20,
          "height": "auto",
          "left": 20,
          "position": "absolute",
          "width": 1040,
        }
      }
    >
      <ul
        className="recharts-default-legend"
        style={
          Object {
            "margin": 0,
            "padding": 0,
            "textAlign": "center",
          }
        }
      >
        <li
          className="recharts-legend-item legend-item-0"
          style={
            Object {
              "display": "inline-block",
              "marginRight": 10,
            }
          }
        >
          <svg
            className="recharts-surface"
            height={14}
            style={
              Object {
                "display": "inline-block",
                "marginRight": 4,
                "verticalAlign": "middle",
              }
            }
            version="1.1"
            viewBox="0 0 32 32"
            width={14}
          >
            <path
              className="recharts-legend-icon"
              d="M0,16h10.666666666666666
            A5.333333333333333,5.333333333333333,0,1,1,21.333333333333332,16
            H32M21.333333333333332,16
            A5.333333333333333,5.333333333333333,0,1,1,10.666666666666666,16"
              fill="none"
              stroke="#8884d8"
              strokeWidth={4}
            />
          </svg>
          <span
            className="recharts-legend-item-text"
          >
            value
          </span>
        </li>
      </ul>
    </div>
    <div
      className="recharts-tooltip-wrapper"
      style={
        Object {
          "MozTransform": "translate(undefinedpx, undefinedpx)",
          "OTransform": "translate(undefinedpx, undefinedpx)",
          "WebkitTransform": "translate(undefinedpx, undefinedpx)",
          "msTransform": "translate(undefinedpx, undefinedpx)",
          "pointerEvents": "none",
          "position": "absolute",
          "top": 0,
          "transform": "translate(undefinedpx, undefinedpx)",
          "visibility": "hidden",
        }
      }
    >
      <div
        className="recharts-default-tooltip"
        style={
          Object {
            "backgroundColor": "#fff",
            "border": "1px solid #ccc",
            "margin": 0,
            "padding": 10,
            "whiteSpace": "nowrap",
          }
        }
      >
        <p
          className="recharts-tooltip-label"
          style={
            Object {
              "margin": 0,
            }
          }
        >
          
        </p>
      </div>
    </div>
  </div>
  <div
    style={
      Object {
        "margin": 20,
      }
    }
  >
    <h2>
      Threshold Controls
    </h2>
    <form
      id="threshold-form"
      onSubmit={[Function]}
    >
      <input
        id="threshold-input"
        onBlur={[Function]}
        onChange={[Function]}
        placeholder="Set Alert Threshold"
        type="number"
        value=""
      />
      <button
        id="threshold-submit"
        onClick={[Function]}
        type="submit"
      >
        Set Threshold
      </button>
    </form>
    <div>
      <p>
        No Alert Threshold Specified
      </p>
    </div>
  </div>
  <div
    className="Toastify"
  />
</div>
`;
